// Jest Snapshot v1, https://goo.gl/fbAQLP

exports[`enumeration test suite test color number enum 1`] = `
DubboEnum {
  "comment": "",
  "deps": DubboDep {
    "depMap": Map {},
  },
  "fields": Array [
    Object {
      "comment": "
    /**
    * Á∫¢Ëâ≤
    */",
      "name": "Red",
      "val": 0,
    },
    Object {
      "comment": "
    /**
    * ÁªøËâ≤
    */",
      "name": "Green",
      "val": 1,
    },
    Object {
      "comment": "
    /**
    * ËìùËâ≤
    */",
      "name": "Blue",
      "val": 2,
    },
  ],
  "fullName": "org.apache.dubbo.e.Color",
  "infName": "IColor",
  "shortName": "Color",
}
`;

exports[`enumeration test suite test string enum 1`] = `
DubboEnum {
  "comment": "",
  "deps": DubboDep {
    "depMap": Map {},
  },
  "fields": Array [
    Object {
      "comment": "
    /**
    * PDF
    */",
      "name": "PDF",
      "val": "PDF",
    },
    Object {
      "comment": "
    /**
    * mp3
    */",
      "name": "MP3",
      "val": "MP3",
    },
  ],
  "fullName": "org.apache.dubbo.e.FileType",
  "infName": "IFileType",
  "shortName": "FileType",
}
`;

exports[`enumeration test suite test string enum 2`] = `
"/**
 * auto generated by dubbo dj
 * ~~~ üíó machine coding üíó ~~~
 */

export enum FileType {
  /**
   * PDF
   */
  PDF = 'PDF',

  /**
   * mp3
   */
  MP3 = 'MP3',
}
"
`;
